mkdir -p doc/retro
echo "# My custom template" > doc/retro/template.md
EDITOR=fake-editor retro_date=1997-06-05 retro add
EDITOR doc/retro/1997/06/05.md
doc/retro/1997/06/05.md
ls doc/retro/*/*/*
doc/retro/1997/06/05.md
cat doc/retro/1997/06/05.md
# 1997-06-05
# My custom template
