mkdir -p doc/retro
echo "A different readme" > doc/retro/README.md
retro init
You've already set up a retro folder!
ls doc/retro
README.md
cat doc/retro/README.md
A different readme
