retro init
doc/retro/README.md
ls doc/retro
README.md
cat doc/retro/README.md
# Daily Retros

We are running daily retrospectives in an effort to "turn up the good" â€“ Woody Zuill.

Each retro we run is recorded in this folder as a dated Markdown file.

To find the retrospective for 23rd May 2020 you would look in the file `2020/05/23.md`
