retro
usage: retro COMMAND [ARG] ...
COMMAND is one of:
  init
  add
  latest
  config
